Drill report for FatChudRuns.kicad_pcb
Created on 2026-04-03T01:28:24

Copper Layer Stackup:
    =============================================================
    L1 :  F.Cu                      front
    L2 :  In1.Cu                    in1
    L3 :  In2.Cu                    in2
    L4 :  B.Cu                      back


Drill file 'FatChudRuns-PTH-drl.gbr' contains
    plated through holes:
    =============================================================
    T1  0.200mm  0.0079"  (9 holes))
    T2  0.300mm  0.0118"  (5 holes))
    T3  0.305mm  0.0120"  (227 holes))
    T4  0.600mm  0.0236"  (4 holes)  (with 4 slots)
    T5  0.610mm  0.0240"  (8 holes))
    T6  1.000mm  0.0394"  (40 holes))

    Total plated holes count 293


Drill file 'FatChudRuns-NPTH-drl.gbr' contains
    unplated through holes:
    =============================================================
    T1  0.650mm  0.0256"  (2 holes))
    T2  3.000mm  0.1181"  (2 holes))

    Total unplated holes count 4
